// Jest Snapshot v1, https://goo.gl/fbAQLP

exports[`initial render 1`] = `
<div>
  <textarea
    class=" Textarea-container-1"
    rows="1"
    style="height: 0px;"
  />
</div>
`;
