// Jest Snapshot v1, https://goo.gl/fbAQLP

exports[`initial render 1`] = `
<div>
  <section
    class="MuiPaper-root MuiPaper-elevation1 MuiPaper-rounded View-container-1"
  >
    <div
      class="View-listHeader-2"
    >
      <p
        class="MuiTypography-root MuiTypography-body1"
        role="heading"
      >
        List title
      </p>
      <button
        aria-haspopup="true"
        aria-labelledby="open-list-actions-menu"
      >
        <svg
          aria-hidden="true"
          class="MuiSvgIcon-root"
          focusable="false"
          viewBox="0 0 24 24"
        >
          <g>
            <path
              d="M6 10c-1.1 0-2 .9-2 2s.9 2 2 2 2-.9 2-2-.9-2-2-2zm12 0c-1.1 0-2 .9-2 2s.9 2 2 2 2-.9 2-2-.9-2-2-2zm-6 0c-1.1 0-2 .9-2 2s.9 2 2 2 2-.9 2-2-.9-2-2-2z"
            />
          </g>
        </svg>
      </button>
      CardsListActionMenu
    </div>
    <div
      style="overflow-y: scroll;"
    >
      <ul
        data-testid="cards-list"
      >
        CardsListCard
        CardsListCard
      </ul>
      <div
        style="float: left; clear: both;"
      />
    </div>
    <button
      class="MuiButtonBase-root MuiButton-root"
      tabindex="0"
      type="button"
    >
      <span
        class="MuiButton-label"
      >
        Add a card...
      </span>
      <span
        class="MuiTouchRipple-root"
      />
    </button>
  </section>
</div>
`;

exports[`opens actions menu 1`] = `
<body
  style="overflow: hidden; padding-right: 0px;"
>
  <div
    class="MuiModal-root View-container-230"
  >
    <div
      aria-hidden="true"
      class="MuiBackdrop-root MuiBackdrop-invisible"
      style="opacity: 1; -webkit-transition: opacity 225ms cubic-bezier(0.4, 0, 0.2, 1) 0ms;"
    />
    <div
      class="MuiPaper-root MuiPaper-elevation1 MuiPaper-rounded MuiPopover-paper"
      role="document"
      style="opacity: 1; top: 16px; left: 16px;"
      tabindex="-1"
    >
      <p
        class="MuiTypography-root MuiTypography-body1 MuiTypography-alignCenter"
        role="heading"
      >
        List Actions
      </p>
      <ul
        class="MuiList-root MuiList-dense MuiList-padding"
        role="menu"
      >
        <hr
          class="MuiDivider-root"
          tabindex="0"
        />
        <li
          class="MuiButtonBase-root MuiListItem-root MuiListItem-dense MuiListItem-gutters MuiListItem-button MuiMenuItem-root"
          role="menuitem"
          tabindex="-1"
        >
          <p
            class="MuiTypography-root MuiTypography-body1"
          >
             
            Add Card...
             
          </p>
          <span
            class="MuiTouchRipple-root"
          />
        </li>
        <li
          class="MuiButtonBase-root MuiListItem-root MuiListItem-dense MuiListItem-gutters MuiListItem-button MuiMenuItem-root"
          role="menuitem"
          tabindex="-1"
        >
          <p
            class="MuiTypography-root MuiTypography-body1"
          >
             
            Copy List...
             
          </p>
          <span
            class="MuiTouchRipple-root"
          />
        </li>
        <li
          class="MuiButtonBase-root MuiListItem-root MuiListItem-dense MuiListItem-gutters MuiListItem-button MuiMenuItem-root"
          role="menuitem"
          tabindex="-1"
        >
          <p
            class="MuiTypography-root MuiTypography-body1"
          >
             
            Move List...
             
          </p>
          <span
            class="MuiTouchRipple-root"
          />
        </li>
        <li
          class="MuiButtonBase-root MuiListItem-root MuiListItem-dense MuiListItem-gutters MuiListItem-button MuiMenuItem-root"
          role="menuitem"
          tabindex="-1"
        >
          <p
            class="MuiTypography-root MuiTypography-body1"
          >
             
            Watch
             
          </p>
          <span
            class="MuiTouchRipple-root"
          />
        </li>
        <hr
          class="MuiDivider-root"
          tabindex="-1"
        />
        <li
          class="MuiButtonBase-root MuiListItem-root MuiListItem-dense MuiListItem-gutters MuiListItem-button MuiMenuItem-root"
          role="menuitem"
          tabindex="-1"
        >
          <p
            class="MuiTypography-root MuiTypography-body1"
          >
             
            Sort By
             
          </p>
          <span
            class="MuiTouchRipple-root"
          />
        </li>
        <hr
          class="MuiDivider-root"
          tabindex="-1"
        />
        <li
          class="MuiButtonBase-root MuiListItem-root MuiListItem-dense MuiListItem-gutters MuiListItem-button MuiMenuItem-root"
          role="menuitem"
          tabindex="-1"
        >
          <p
            class="MuiTypography-root MuiTypography-body1"
          >
             
            Move All Cards in This List...
             
          </p>
          <span
            class="MuiTouchRipple-root"
          />
        </li>
        <li
          class="MuiButtonBase-root MuiListItem-root MuiListItem-dense MuiListItem-gutters MuiListItem-button MuiMenuItem-root"
          role="menuitem"
          tabindex="-1"
        >
          <p
            class="MuiTypography-root MuiTypography-body1"
          >
             
            Archive All Cards in This List...
             
          </p>
          <span
            class="MuiTouchRipple-root"
          />
        </li>
        <hr
          class="MuiDivider-root"
          tabindex="-1"
        />
        <li
          class="MuiButtonBase-root MuiListItem-root MuiListItem-dense MuiListItem-gutters MuiListItem-button MuiMenuItem-root"
          role="menuitem"
          tabindex="-1"
        >
          <p
            class="MuiTypography-root MuiTypography-body1"
          >
             
            Archive This List
             
          </p>
          <span
            class="MuiTouchRipple-root"
          />
        </li>
      </ul>
    </div>
  </div>
</body>
`;
