// Jest Snapshot v1, https://goo.gl/fbAQLP

exports[`initial render 1`] = `
<div
  style="overflow: hidden; padding-right: 0px;"
>
  <div
    class="MuiModal-root"
  >
    <div
      aria-hidden="true"
      class="MuiBackdrop-root MuiBackdrop-invisible"
      style="opacity: 1; -webkit-transition: opacity 225ms cubic-bezier(0.4, 0, 0.2, 1) 0ms;"
    />
    <div
      class="MuiPaper-root MuiPaper-elevation1 MuiPaper-rounded MuiPopover-paper"
      role="document"
      style="opacity: 1; top: 16px; left: 16px;"
      tabindex="-1"
    >
      <p
        class="MuiTypography-root MuiTypography-body1 MuiTypography-alignCenter View-listHeader-1"
      >
        List Actions
      </p>
      <ul
        class="MuiList-root MuiList-dense MuiList-padding View-list-2"
        role="menu"
      >
        <hr
          class="MuiDivider-root"
          tabindex="0"
        />
        <li
          class="MuiButtonBase-root MuiListItem-root MuiListItem-dense MuiListItem-gutters MuiListItem-button MuiMenuItem-root"
          role="menuitem"
          tabindex="-1"
        >
          <p
            class="MuiTypography-root MuiTypography-body1"
          >
             
            Add Card...
             
          </p>
          <span
            class="MuiTouchRipple-root"
          />
        </li>
        <li
          class="MuiButtonBase-root MuiListItem-root MuiListItem-dense MuiListItem-gutters MuiListItem-button MuiMenuItem-root"
          role="menuitem"
          tabindex="-1"
        >
          <p
            class="MuiTypography-root MuiTypography-body1"
          >
             
            Copy List...
             
          </p>
          <span
            class="MuiTouchRipple-root"
          />
        </li>
        <li
          class="MuiButtonBase-root MuiListItem-root MuiListItem-dense MuiListItem-gutters MuiListItem-button MuiMenuItem-root"
          role="menuitem"
          tabindex="-1"
        >
          <p
            class="MuiTypography-root MuiTypography-body1"
          >
             
            Move List...
             
          </p>
          <span
            class="MuiTouchRipple-root"
          />
        </li>
        <li
          class="MuiButtonBase-root MuiListItem-root MuiListItem-dense MuiListItem-gutters MuiListItem-button MuiMenuItem-root"
          role="menuitem"
          tabindex="-1"
        >
          <p
            class="MuiTypography-root MuiTypography-body1"
          >
             
            Watch
             
          </p>
          <span
            class="MuiTouchRipple-root"
          />
        </li>
        <hr
          class="MuiDivider-root"
          tabindex="-1"
        />
        <li
          class="MuiButtonBase-root MuiListItem-root MuiListItem-dense MuiListItem-gutters MuiListItem-button MuiMenuItem-root"
          role="menuitem"
          tabindex="-1"
        >
          <p
            class="MuiTypography-root MuiTypography-body1"
          >
             
            Sort By
             
          </p>
          <span
            class="MuiTouchRipple-root"
          />
        </li>
        <hr
          class="MuiDivider-root"
          tabindex="-1"
        />
        <li
          class="MuiButtonBase-root MuiListItem-root MuiListItem-dense MuiListItem-gutters MuiListItem-button MuiMenuItem-root"
          role="menuitem"
          tabindex="-1"
        >
          <p
            class="MuiTypography-root MuiTypography-body1"
          >
             
            Move All Cards in This List...
             
          </p>
          <span
            class="MuiTouchRipple-root"
          />
        </li>
        <li
          class="MuiButtonBase-root MuiListItem-root MuiListItem-dense MuiListItem-gutters MuiListItem-button MuiMenuItem-root"
          role="menuitem"
          tabindex="-1"
        >
          <p
            class="MuiTypography-root MuiTypography-body1"
          >
             
            Archive All Cards in This List...
             
          </p>
          <span
            class="MuiTouchRipple-root"
          />
        </li>
        <hr
          class="MuiDivider-root"
          tabindex="-1"
        />
        <li
          class="MuiButtonBase-root MuiListItem-root MuiListItem-dense MuiListItem-gutters MuiListItem-button MuiMenuItem-root"
          role="menuitem"
          tabindex="-1"
        >
          <p
            class="MuiTypography-root MuiTypography-body1"
          >
             
            Archive This List
             
          </p>
          <span
            class="MuiTouchRipple-root"
          />
        </li>
      </ul>
    </div>
  </div>
</div>
`;
