// Jest Snapshot v1, https://goo.gl/fbAQLP

exports[`initial render 1`] = `
<div
  style="overflow: hidden; padding-right: 0px;"
>
  <div
    aria-hidden="true"
  />
  <div
    aria-describedby="edit-card-description"
    class="MuiModal-root"
    style="top: 0px; left: 0px;"
  >
    <div
      aria-hidden="true"
      class="MuiBackdrop-root"
      style="opacity: 1; -webkit-transition: opacity 225ms cubic-bezier(0.4, 0, 0.2, 1) 0ms;"
    />
    <div
      class="MuiGrid-container MuiGrid-spacing-xs-8 MuiGrid-wrap-xs-nowrap View-container-60"
      role="document"
      tabindex="-1"
    >
      <div
        id="edit-card-description"
        style="display: none;"
      >
        Edit card: change title, members, archive etc.
      </div>
      <div
        class="MuiGrid-item View-editCardDescription-61"
      >
        <textarea
          class="MuiTypography-root MuiTypography-body1"
          spellcheck="false"
          style="width: 0px; height: 50px;"
        >
          Title...
        </textarea>
        <button
          class="MuiButtonBase-root MuiButton-root MuiButton-raised"
          tabindex="0"
          type="button"
        >
          <span
            class="MuiButton-label"
          >
             Save 
          </span>
          <span
            class="MuiTouchRipple-root"
          />
        </button>
      </div>
      <div
        class="MuiGrid-item View-editCardButtons-62"
      >
        <div
          class="MuiGrid-container MuiGrid-spacing-xs-8 MuiGrid-direction-xs-column MuiGrid-wrap-xs-nowrap"
        >
          <div
            class="MuiGrid-item"
            style="padding-bottom: 1px;"
          >
            <button
              class="MuiButtonBase-root MuiButton-root MuiButton-sizeSmall"
              tabindex="0"
              type="button"
            >
              <span
                class="MuiButton-label"
              >
                <svg
                  aria-hidden="true"
                  class="MuiSvgIcon-root"
                  focusable="false"
                  viewBox="0 0 24 24"
                >
                  <g>
                    <path
                      d="M17.63 5.84C17.27 5.33 16.67 5 16 5L5 5.01C3.9 5.01 3 5.9 3 7v10c0 1.1.9 1.99 2 1.99L16 19c.67 0 1.27-.33 1.63-.84L22 12l-4.37-6.16z"
                    />
                  </g>
                </svg>
                Edit Labels
              </span>
              <span
                class="MuiTouchRipple-root"
              />
            </button>
          </div>
          <div
            class="MuiGrid-item"
            style="padding-bottom: 1px;"
          >
            <button
              class="MuiButtonBase-root MuiButton-root MuiButton-sizeSmall"
              tabindex="0"
              type="button"
            >
              <span
                class="MuiButton-label"
              >
                <svg
                  aria-hidden="true"
                  class="MuiSvgIcon-root"
                  focusable="false"
                  viewBox="0 0 24 24"
                >
                  <g>
                    <path
                      d="M12 12c2.21 0 4-1.79 4-4s-1.79-4-4-4-4 1.79-4 4 1.79 4 4 4zm0 2c-2.67 0-8 1.34-8 4v2h16v-2c0-2.66-5.33-4-8-4z"
                    />
                  </g>
                </svg>
                Change Members
              </span>
              <span
                class="MuiTouchRipple-root"
              />
            </button>
          </div>
          <div
            class="MuiGrid-item"
            style="padding-bottom: 1px;"
          >
            <button
              class="MuiButtonBase-root MuiButton-root MuiButton-sizeSmall"
              tabindex="0"
              type="button"
            >
              <span
                class="MuiButton-label"
              >
                <svg
                  aria-hidden="true"
                  class="MuiSvgIcon-root"
                  focusable="false"
                  viewBox="0 0 24 24"
                >
                  <g>
                    <path
                      d="M12 4l-1.41 1.41L16.17 11H4v2h12.17l-5.58 5.59L12 20l8-8z"
                    />
                  </g>
                </svg>
                Move
              </span>
              <span
                class="MuiTouchRipple-root"
              />
            </button>
          </div>
          <div
            class="MuiGrid-item"
            style="padding-bottom: 1px;"
          >
            <button
              class="MuiButtonBase-root MuiButton-root MuiButton-sizeSmall"
              tabindex="0"
              type="button"
            >
              <span
                class="MuiButton-label"
              >
                <svg
                  aria-hidden="true"
                  class="MuiSvgIcon-root"
                  focusable="false"
                  viewBox="0 0 24 24"
                >
                  <g>
                    <path
                      d="M4 6H2v14c0 1.1.9 2 2 2h14v-2H4V6zm16-4H8c-1.1 0-2 .9-2 2v12c0 1.1.9 2 2 2h12c1.1 0 2-.9 2-2V4c0-1.1-.9-2-2-2zm-1 9H9V9h10v2zm-4 4H9v-2h6v2zm4-8H9V5h10v2z"
                    />
                  </g>
                </svg>
                Copy
              </span>
              <span
                class="MuiTouchRipple-root"
              />
            </button>
          </div>
          <div
            class="MuiGrid-item"
            style="padding-bottom: 1px;"
          >
            <button
              class="MuiButtonBase-root MuiButton-root MuiButton-sizeSmall"
              tabindex="0"
              type="button"
            >
              <span
                class="MuiButton-label"
              >
                <svg
                  aria-hidden="true"
                  class="MuiSvgIcon-root"
                  focusable="false"
                  viewBox="0 0 24 24"
                >
                  <g>
                    <path
                      d="M15 1H9v2h6V1zm-4 13h2V8h-2v6zm8.03-6.61l1.42-1.42c-.43-.51-.9-.99-1.41-1.41l-1.42 1.42C16.07 4.74 14.12 4 12 4c-4.97 0-9 4.03-9 9s4.02 9 9 9 9-4.03 9-9c0-2.12-.74-4.07-1.97-5.61zM12 20c-3.87 0-7-3.13-7-7s3.13-7 7-7 7 3.13 7 7-3.13 7-7 7z"
                    />
                  </g>
                </svg>
                Change Due Date
              </span>
              <span
                class="MuiTouchRipple-root"
              />
            </button>
          </div>
          <div
            class="MuiGrid-item"
            style="padding-bottom: 1px;"
          >
            <button
              class="MuiButtonBase-root MuiButton-root MuiButton-sizeSmall"
              tabindex="0"
              type="button"
            >
              <span
                class="MuiButton-label"
              >
                <svg
                  aria-hidden="true"
                  class="MuiSvgIcon-root"
                  focusable="false"
                  viewBox="0 0 24 24"
                >
                  <g>
                    <path
                      d="M20.54 5.23l-1.39-1.68C18.88 3.21 18.47 3 18 3H6c-.47 0-.88.21-1.16.55L3.46 5.23C3.17 5.57 3 6.02 3 6.5V19c0 1.1.9 2 2 2h14c1.1 0 2-.9 2-2V6.5c0-.48-.17-.93-.46-1.27zM12 17.5L6.5 12H10v-2h4v2h3.5L12 17.5zM5.12 5l.81-1h12l.94 1H5.12z"
                    />
                  </g>
                </svg>
                Archive
              </span>
              <span
                class="MuiTouchRipple-root"
              />
            </button>
          </div>
        </div>
      </div>
    </div>
  </div>
</div>
`;
